// Jest Snapshot v1, https://goo.gl/fbAQLP

exports[`<TextAreaInput /> should match snapshot 1`] = `
.c1 {
  width: 100%;
  resize: none;
  outline: none;
  height: 7.4rem;
  display: block;
  color: #000000;
  font-family: Poppins,-apple-system,BlinkMacSystemFont,'Segoe UI',Roboto,Oxygen,Ubuntu,Cantarell,'Open Sans','Helvetica Neue',sans-serif;
  padding: 0.8rem;
  border-radius: 0.8rem;
  border: 1px solid #777777;
}

.c1::-webkit-input-placeholder {
  color: #CCCCCC;
}

.c1::-moz-placeholder {
  color: #CCCCCC;
}

.c1:-ms-input-placeholder {
  color: #CCCCCC;
}

.c1::placeholder {
  color: #CCCCCC;
}

.c0 {
  display: inline-block;
  color: #000000;
  font-size: 1.6rem;
  margin-bottom: 0.8rem;
}

<div
  class=""
>
  <label
    class="c0"
    for="content"
  >
    content
  </label>
  <textarea
    class="c1"
    id="content"
    name="content"
  />
</div>
`;
