// Jest Snapshot v1, https://goo.gl/fbAQLP

exports[`<CreationForm /> should match snapshot 1`] = `
.c6 {
  cursor: pointer;
  padding: 0.6rem 2.7rem;
  font-weight: 700;
  font-size: 1.6rem;
  border-radius: 0.8rem;
  background-color: #7695EC;
  color: #FFFFFF;
  -webkit-transition: 0.3s ease-in-out;
  transition: 0.3s ease-in-out;
  border: none;
}

.c6:hover {
  color: #a3b8f2;
}

.c6:disabled {
  cursor: not-allowed;
  -webkit-filter: saturate(30%);
  filter: saturate(30%);
}

.c6:hover {
  color: #a3b8f2;
}

.c0 {
  color: #000000;
  font-weight: 700;
  font-size: calc(1.6rem + 0.2rem);
}

.c2 {
  width: 100%;
  display: block;
  outline: none;
  color: #000000;
  padding: 0.8rem;
  border-radius: 0.8rem;
  border: 1px solid #777777;
}

.c2::-webkit-input-placeholder {
  color: #CCCCCC;
}

.c2::-moz-placeholder {
  color: #CCCCCC;
}

.c2:-ms-input-placeholder {
  color: #CCCCCC;
}

.c2::placeholder {
  color: #CCCCCC;
}

.c1 {
  display: inline-block;
  color: #000000;
  font-size: 1.6rem;
  margin-bottom: 0.8rem;
}

.c4 {
  width: 100%;
  resize: none;
  outline: none;
  height: 7.4rem;
  display: block;
  color: #000000;
  font-family: Poppins,-apple-system,BlinkMacSystemFont,'Segoe UI',Roboto,Oxygen,Ubuntu,Cantarell,'Open Sans','Helvetica Neue',sans-serif;
  padding: 0.8rem;
  border-radius: 0.8rem;
  border: 1px solid #777777;
}

.c4::-webkit-input-placeholder {
  color: #CCCCCC;
}

.c4::-moz-placeholder {
  color: #CCCCCC;
}

.c4:-ms-input-placeholder {
  color: #CCCCCC;
}

.c4::placeholder {
  color: #CCCCCC;
}

.c3 {
  display: inline-block;
  color: #000000;
  font-size: 1.6rem;
  margin-bottom: 0.8rem;
}

.c5 {
  width: 100%;
  display: -webkit-box;
  display: -webkit-flex;
  display: -ms-flexbox;
  display: flex;
  -webkit-align-items: center;
  -webkit-box-align: center;
  -ms-flex-align: center;
  align-items: center;
  -webkit-box-pack: end;
  -webkit-justify-content: flex-end;
  -ms-flex-pack: end;
  justify-content: flex-end;
  gap: 0.8rem;
}

<div
  class=""
>
  <h2
    class="c0"
    color="black"
  >
    Whatâ€™s on your mind?
  </h2>
  <form
    class=""
  >
    <div
      class=""
    >
      <label
        class="c1"
        for="title"
      >
        Title
      </label>
      <input
        class="c2"
        id="title"
        name="title"
        placeholder="Title"
        type="text"
        value=""
      />
    </div>
    <div
      class=""
    >
      <label
        class="c3"
        for="content"
      >
        Content
      </label>
      <textarea
        class="c4"
        id="content"
        name="content"
        placeholder="Content"
      />
    </div>
    <div
      class="c5"
    >
      <button
        class="c6"
        type="submit"
      >
        Create
      </button>
    </div>
  </form>
</div>
`;
